Microcode Symbols (total=57):
  ---------------------------------------
  _mbdi                          000000b3
  _mbdr                          0000008d
  _mbrd                          0000007b
  _mwdi                          000000a9
  _mwdr                          00000091
  _mwrd                          0000007f
  alu_ri                         0000000d
  alu_rr                         0000000b
  bdojmp                         00000029
  br_d                           0000002d
  br_i                           00000022
  br_r                           0000002b
  br_x                           0000002f
  btest                          00000025
  call_di                        0000004b
  call_ii                        00000031
  call_ri                        00000049
  call_xi                        0000004d
  cmp_ri                         0000001d
  cmp_rr                         0000001b
  fetch                          00000005
  fetch1                         00000006
  fetch2                         00000007
  halt                           00000009
  movb_dd                        000000a4
  movb_di                        000000b2
  movb_dr                        0000008c
  movb_dx                        000000a6
  movb_rd                        0000007a
  movb_ri                        00000075
  movb_rr                        0000006d
  movb_rx                        00000084
  movb_xd                        000000a2
  movb_xi                        000000bc
  movb_xr                        00000097
  movb_xx                        000000a0
  movw_dd                        000000a3
  movw_di                        000000a8
  movw_dr                        00000090
  movw_dx                        000000a5
  movw_rd                        0000007e
  movw_ri                        00000070
  movw_rr                        0000006b
  movw_rx                        00000088
  movw_xd                        000000a1
  movw_xi                        000000b8
  movw_xr                        0000009b
  movw_xx                        0000009f
  nop                            000000c0
  pushw_d                        00000058
  pushw_i                        00000061
  pushw_r                        0000005a
  pushw_x                        00000059
  ret                            0000004f
  start                          00000000
  xalu_ri                        00000015
  xalu_rr                        00000012


Macrocode Symbols (total=69):
  Global         Local
  ---------------------------------------
  buf                            000005f8
  dscrim                         00000795
  find_animal                    0000017a
                 done            0000025e
                 get_response    000001a6
                 say_no          0000023e
                 say_yes         0000021e
                 tree            fffffffe
  get_final                      00000264
                 L1              0000037c
                 L2              000003e8
                 L3              00000404
                 animal_node     fffffffc
                 discrim_node    fffffffa
                 done            00000420
                 get_response    00000268
                 loose           000002f0
                 tree            fffffffe
                 win             000002de
  gets                           00000570
                 bell            000005d4
                 cwait           00000576
                 del_char        000005b8
                 done            000005e6
  isita                          000006f7
  known                          00000678
  loosemsg                       0000075e
  main                           00000112
                 loop            0000013e
  malloc                         00000426
  mend                           000007f6
  nl                             000007f1
  no                             00000724
  no_b                           00000002
  nprint                         000004e8
                 zprint          000004fe
  nprint_aux                     0000050c
                 done            00000546
  nsize                          00000064
  numk                           000006d8
  print                          00000430
                 done            0000044c
                 loop            00000434
  printf                         0000044e
                 L1              00000474
                 L2              000004a2
                 arg             fffffffc
                 cout            000004d4
                 done            000004e6
                 loop            0000045c
                 ptr             fffffffe
  qprompt                        000007f3
  root                           0000067a
  sdone                          0000010e
  start                          00000100
  strcmp                         00000548
                 done            0000056e
                 loop            00000550
  text                           00000004
  think                          0000069f
  top_node                       0000067c
  ttydata                        00000011
  ttystatus                      00000010
  welcome                        00000689
  which                          000007d0
  winmsg                         00000743
  yes                            00000720
  yes_b                          00000000
  yesno                          00000727


